✔ [8924/8984] Built OAI.Analysis.NumericalRange.Model (3.0s)
✔ [8925/8984] Built OAI.Analysis.NumericalRange.PoissonBoundary (7.4s)
✔ [8926/8984] Built OAI.Analysis.NumericalRange.HerglotzReflection (5.1s)
✔ [8927/8984] Built OAI.Analysis.NumericalRange.ConformalGluing (5.9s)
✔ [8928/8984] Built OAI.Analysis.NumericalRange.DiskMapping (6.7s)
✔ [8929/8984] Built OAI.Analysis.NumericalRange.ConvexBarrier (6.7s)
✔ [8930/8984] Built OAI.Analysis.NumericalRange.AnalyticCharts (7.6s)
✔ [8931/8984] Built OAI.Analysis.NumericalRange.ConvexExterior (5.9s)
✔ [8932/8984] Built OAI.Analysis.NumericalRange.BoundaryNormals (7.2s)
✔ [8933/8984] Built OAI.Analysis.NumericalRange.OuterNeighborhood (4.2s)
✔ [8934/8984] Built OAI.Analysis.NumericalRange.ExteriorKernel (5.9s)
✔ [8935/8984] Built OAI.Analysis.NumericalRange.CircleIntegrals (5.9s)
✔ [8936/8984] Built OAI.Analysis.NumericalRange.MarkovOperator (7.5s)
✔ [8937/8984] Built OAI.Analysis.NumericalRange.FourierResolution (9.6s)
✔ [8938/8984] Built OAI.Analysis.NumericalRange.CauchyProjection (11s)
✔ [8939/8984] Built OAI.Analysis.NumericalRange.ExteriorProjection (6.4s)
✔ [8940/8984] Built OAI.Analysis.NumericalRange.FourierExtension (10s)
✔ [8941/8984] Built OAI.Analysis.NumericalRange.HilbertSchmidt (16s)
✔ [8942/8984] Built OAI.Analysis.NumericalRange.OrderedMultiplication (17s)
✔ [8943/8984] Built OAI.Analysis.NumericalRange.HolomorphicEvaluation (7.2s)
✔ [8944/8984] Built OAI.Analysis.NumericalRange.DiskCalculus (9.7s)
✔ [8945/8984] Built OAI.Analysis.NumericalRange.CompleteResolvent (6.0s)
✔ [8946/8984] Built OAI.Analysis.NumericalRange.PolynomialCalculus (8.4s)
✔ [8947/8984] Built OAI.Analysis.NumericalRange.CauchyEvaluation (5.8s)
✔ [8948/8984] Built OAI.Analysis.NumericalRange.BoundaryRepresentation (6.1s)
✔ [8949/8984] Built OAI.Analysis.NumericalRange.PulledDensity (4.6s)
✔ [8950/8984] Built OAI.Analysis.NumericalRange.UnitaryRealization (9.2s)
✔ [8951/8984] Built OAI.Analysis.NumericalRange.MetricFeasibility (6.6s)
✔ [8952/8984] Built OAI.Analysis.StructuralCrouzeix.Model (4.8s)
✔ [8953/8984] Built OAI.Analysis.StructuralCrouzeix.UnitDisk (7.4s)
✔ [8954/8984] Built OAI.Analysis.StructuralCrouzeix.OrientBoundary (9.1s)
✔ [8955/8984] Built OAI.Analysis.NumericalRange.DualSeparation (18s)
✔ [8956/8984] Built OAI.Analysis.NumericalRange.OptimalExtremal (12s)
✔ [8957/8984] Built OAI.Analysis.NumericalRange.DilationDensity (30s)
✔ [8958/8984] Built OAI.Analysis.NumericalRange.DensityTransport (14s)
✔ [8959/8984] Built OAI.Analysis.NumericalRange.ConformalJacobian (4.8s)
✔ [8960/8984] Built OAI.Analysis.NumericalRange.ConformalWinding (4.4s)
✔ [8961/8984] Built OAI.Analysis.NumericalRange.ResolventPositivity (7.0s)
✔ [8962/8984] Built OAI.Analysis.NumericalRange.Convexity (7.1s)
✔ [8963/8984] Built OAI.Analysis.NumericalRange.Sharpness (4.7s)
✔ [8964/8984] Built OAI.Analysis.NumericalRange.DomainCalculus (4.3s)
✔ [8965/8984] Built OAI.Analysis.NumericalRange.BoundaryCalculus (5.1s)
✔ [8966/8984] Built OAI.Analysis.NumericalRange.DensityAdjoints (6.4s)
✔ [8967/8984] Built OAI.Analysis.NumericalRange.TestingAlgebra (8.9s)
✔ [8968/8984] Built OAI.Analysis.NumericalRange.DensityIdentification (5.7s)
✔ [8969/8984] Built OAI.Analysis.NumericalRange.PositiveDensity (9.4s)
✔ [8970/8984] Built OAI.Analysis.NumericalRange.OrderedDensities (5.2s)
✔ [8971/8984] Built OAI.Analysis.NumericalRange.DensityComparison (8.7s)
✔ [8972/8984] Built OAI.Analysis.NumericalRange.MetricNorm (4.3s)
✔ [8973/8984] Built OAI.Analysis.NumericalRange.DomainBound (4.3s)
✔ [8974/8984] Built OAI.Analysis.NumericalRange.Main (4.1s)
✔ [8975/8984] Built OAI.Analysis.StructuralCrouzeix.GeometryBasics (7.4s)
✔ [8976/8984] Built OAI.Analysis.StructuralCrouzeix.SharedDensity (8.2s)
✔ [8977/8984] Built OAI.Analysis.StructuralCrouzeix.SimilarityMinimum (8.1s)
✔ [8978/8984] Built OAI.Analysis.StructuralCrouzeix.ExteriorSupport (10s)
✔ [8979/8984] Built OAI.Analysis.StructuralCrouzeix.ClosedSide (5.3s)
✔ [8980/8984] Built OAI.Analysis.StructuralCrouzeix.OptimizerAssembly (5.8s)
✔ [8981/8984] Built OAI.Analysis.StructuralCrouzeix.SharedMaximum (5.0s)
✔ [8982/8984] Built OAI.Analysis.StructuralCrouzeix.Main (4.3s)
✔ [8983/8984] Built OAI.Analysis.StructuralCrouzeix.Endpoint (3.6s)
Build completed successfully (8984 jobs).
BUILD_EXIT=0
ELAPSED_SECONDS=415
