✔ [8924/8966] Built OAI.Analysis.DirectCrouzeix.Model (43s)
✔ [8925/8966] Built OAI.Analysis.DirectCrouzeix.NumericalRange (8.9s)
✔ [8926/8966] Built OAI.Analysis.DirectCrouzeix.PositiveBlocks (5.3s)
✔ [8927/8966] Built OAI.Analysis.DirectCrouzeix.Resolvent (8.5s)
✔ [8928/8966] Built OAI.Analysis.DirectCrouzeix.PolynomialCalculus (5.7s)
✔ [8929/8966] Built OAI.Analysis.DirectCrouzeix.HilbertSchmidt (5.4s)
✔ [8930/8966] Built OAI.Analysis.DirectCrouzeix.SingularPairs (9.5s)
✔ [8931/8966] Built OAI.Analysis.DirectCrouzeix.Duality (5.3s)
✔ [8932/8966] Built OAI.Analysis.DirectCrouzeix.Sharpness (5.1s)
✔ [8933/8966] Built OAI.Analysis.DirectCrouzeix.CircleFourier (8.8s)
✔ [8934/8966] Built OAI.Analysis.DirectCrouzeix.BoundaryEnergy (5.9s)
✔ [8935/8966] Built OAI.Analysis.DirectCrouzeix.PolynomialEnergy (7.8s)
✔ [8936/8966] Built OAI.Analysis.DirectCrouzeix.DomainCore (10s)
✔ [8937/8966] Built OAI.Analysis.DirectCrouzeix.CompactIntegrals (11s)
✔ [8938/8966] Built OAI.Analysis.DirectCrouzeix.DividedDifferences (6.0s)
✔ [8939/8966] Built OAI.Analysis.DirectCrouzeix.TaylorFourier (6.5s)
✔ [8940/8966] Built OAI.Analysis.DirectCrouzeix.FaberPolynomials (6.4s)
✔ [8941/8966] Built OAI.Analysis.DirectCrouzeix.BoundaryKernel (6.4s)
✔ [8942/8966] Built OAI.Analysis.DirectCrouzeix.KernelContraction (7.2s)
✔ [8943/8966] Built OAI.Analysis.DirectCrouzeix.FaberEnergy (6.5s)
✔ [8944/8966] Built OAI.Analysis.DirectCrouzeix.FaberCalculus (6.7s)
✔ [8945/8966] Built OAI.Analysis.DirectCrouzeix.ExteriorCollar (4.8s)
✔ [8946/8966] Built OAI.Analysis.DirectCrouzeix.NormalFamilies (5.9s)
✔ [8947/8966] Built OAI.Analysis.DirectCrouzeix.ExtremalEmbedding (6.8s)
✔ [8948/8966] Built OAI.Analysis.DirectCrouzeix.DiskMapping (8.4s)
✔ [8949/8966] Built OAI.Analysis.DirectCrouzeix.PoissonBoundary (7.8s)
✔ [8950/8966] Built OAI.Analysis.DirectCrouzeix.HarmonicReflection (4.9s)
✔ [8951/8966] Built OAI.Analysis.DirectCrouzeix.HolomorphicReflection (5.9s)
✔ [8952/8966] Built OAI.Analysis.DirectCrouzeix.Continuation (4.8s)
✔ [8953/8966] Built OAI.Analysis.DirectCrouzeix.ConformalCollar (5.2s)
✔ [8954/8966] Built OAI.Analysis.DirectCrouzeix.AnalyticCharts (8.8s)
✔ [8955/8966] Built OAI.Analysis.DirectCrouzeix.ExponentialLevels (6.8s)
✔ [8956/8966] Built OAI.Analysis.DirectCrouzeix.BoundaryParametrization (5.9s)
✔ [8957/8966] Built OAI.Analysis.DirectCrouzeix.InverseExterior (5.3s)
✔ [8958/8966] Built OAI.Analysis.DirectCrouzeix.ExteriorMapping (5.4s)
✔ [8959/8966] Built OAI.Analysis.DirectCrouzeix.SupportNets (7.5s)
✔ [8960/8966] Built OAI.Analysis.DirectCrouzeix.Convexity (11s)
✔ [8961/8966] Built OAI.Analysis.DirectCrouzeix.ExponentialSupport (6.3s)
✔ [8962/8966] Built OAI.Analysis.DirectCrouzeix.OuterApproximation (5.9s)
✔ [8963/8966] Built OAI.Analysis.DirectCrouzeix.DomainBound (4.4s)
✔ [8964/8966] Built OAI.Analysis.DirectCrouzeix.CompleteBound (4.3s)
✔ [8965/8966] Built OAI.Analysis.DirectCrouzeix.Main (3.7s)
Build completed successfully (8966 jobs).
BUILD_EXIT=0
ELAPSED_SECONDS=329
