✔ [8924/9014] Built OAI.Analysis.Crouzeix.Montel (10s)
✔ [8925/9014] Built OAI.Analysis.Crouzeix.PoissonExtension (11s)
✔ [8926/9014] Built OAI.Analysis.Crouzeix.DiskAutomorphism (11s)
✔ [8927/9014] Built OAI.Analysis.Crouzeix.Definitions (17s)
✔ [8928/9014] Built OAI.Analysis.Crouzeix.Compression (31s)
✔ [8929/9014] Built OAI.Analysis.Crouzeix.SteinMetric (13s)
✔ [8930/9014] Built OAI.Analysis.Crouzeix.Hurwitz (8.7s)
✔ [8931/9014] Built OAI.Analysis.Crouzeix.HarmonicMaximum (8.7s)
✔ [8932/9014] Built OAI.Analysis.Crouzeix.BoundaryForms (47s)
✔ [8933/9014] Built OAI.Analysis.Crouzeix.ContourExistence (12s)
✔ [8934/9014] Built OAI.Analysis.Crouzeix.NumericalRange (14s)
✔ [8935/9014] Built OAI.Analysis.Crouzeix.Iteration (8.5s)
✔ [8936/9014] Built OAI.Analysis.Crouzeix.Realization (17s)
✔ [8937/9014] Built OAI.Analysis.Crouzeix.HarmonicReflection (8.6s)
✔ [8938/9014] Built OAI.Analysis.Crouzeix.Riemann (11s)
✔ [8939/9014] Built OAI.Analysis.Crouzeix.RationalEvaluation (12s)
✔ [8940/9014] Built OAI.Analysis.Crouzeix.Endpoint (28s)
✔ [8941/9014] Built OAI.Analysis.Crouzeix.FiniteCompression (28s)
✔ [8942/9014] Built OAI.Analysis.Crouzeix.Convexity (20s)
✔ [8943/9014] Built OAI.Analysis.Crouzeix.ReflectionDerivative (9.9s)
✔ [8944/9014] Built OAI.Analysis.Crouzeix.Resolvent (14s)
✔ [8945/9014] Built OAI.Analysis.Crouzeix.Fourier (46s)
✔ [8946/9014] Built OAI.Analysis.Crouzeix.RationalTransfer (14s)
✔ [8947/9014] Built OAI.Analysis.Crouzeix.Sharpness (11s)
✔ [8948/9014] Built OAI.Analysis.Crouzeix.MatrixEndpoint (24s)
✔ [8949/9014] Built OAI.Analysis.Crouzeix.ResolventBounds (29s)
✔ [8950/9014] Built OAI.Analysis.Crouzeix.Amplification (29s)
✔ [8951/9014] Built OAI.Analysis.Crouzeix.ConvexNeighborhood (14s)
✔ [8952/9014] Built OAI.Analysis.Crouzeix.HolomorphicReflection (13s)
✔ [8953/9014] Built OAI.Analysis.Crouzeix.BoundaryOperators (18s)
✔ [8954/9014] Built OAI.Analysis.Crouzeix.DiskCalculus (14s)
✔ [8955/9014] Built OAI.Analysis.Crouzeix.HomologicalCauchy (14s)
✔ [8956/9014] Built OAI.Analysis.Crouzeix.Density (8.9s)
✔ [8957/9014] Built OAI.Analysis.Crouzeix.ContourHomotopy (57s)
✔ [8958/9014] Built OAI.Analysis.Crouzeix.Vectorization (16s)
✔ [8959/9014] Built OAI.Analysis.Crouzeix.CircleCoordinate (8.5s)
✔ [8960/9014] Built OAI.Analysis.Crouzeix.Univalent (11s)
✔ [8961/9014] Built OAI.Analysis.Crouzeix.SeparateHolomorphic (9.4s)
✔ [8962/9014] Built OAI.Analysis.Crouzeix.BlockPolynomial (11s)
✔ [8963/9014] Built OAI.Analysis.Crouzeix.BoundaryModulus (5.6s)
✔ [8964/9014] Built OAI.Analysis.Crouzeix.MatrixContours (33s)
✔ [8965/9014] Built OAI.Analysis.Crouzeix.BoundaryChart (7.8s)
✔ [8966/9014] Built OAI.Analysis.Crouzeix.ExteriorRiemann (8.3s)
✔ [8967/9014] Built OAI.Analysis.Crouzeix.EndpointInterpolation (14s)
✔ [8968/9014] Built OAI.Analysis.Crouzeix.ContourPolynomials (13s)
✔ [8969/9014] Built OAI.Analysis.Crouzeix.BoundaryPatching (8.7s)
✔ [8970/9014] Built OAI.Analysis.Crouzeix.CollarUnivalence (10s)
✔ [8971/9014] Built OAI.Analysis.Crouzeix.RationalContours (12s)
✔ [8972/9014] Built OAI.Analysis.Crouzeix.TensorDensity (25s)
✔ [8973/9014] Built OAI.Analysis.Crouzeix.ConformalCollar (7.2s)
✔ [8974/9014] Built OAI.Analysis.Crouzeix.PolynomialApproximation (13s)
✔ [8975/9014] Built OAI.Analysis.Crouzeix.DiskEndpoint (14s)
✔ [8976/9014] Built OAI.Analysis.Crouzeix.InteriorCollar (8.1s)
✔ [8977/9014] Built OAI.Analysis.Crouzeix.ConvexCoordinates (8.7s)
✔ [8978/9014] Built OAI.Analysis.Crouzeix.HilbertExtension (8.4s)
✔ [8979/9014] Built OAI.Analysis.Crouzeix.DiskBoundaryChart (6.7s)
✔ [8980/9014] Built OAI.Analysis.Crouzeix.DensityCompatibility (9.2s)
✔ [8981/9014] Built OAI.Analysis.Crouzeix.ConvexApproximation (4.8s)
✔ [8982/9014] Built OAI.Analysis.Crouzeix.ExteriorBoundaryChart (4.8s)
✔ [8983/9014] Built OAI.Analysis.Crouzeix.ExteriorCollar (8.1s)
✔ [8984/9014] Built OAI.Analysis.Crouzeix.BoundaryFibers (20s)
✔ [8985/9014] Built OAI.Analysis.Crouzeix.ExteriorNormal (6.0s)
✔ [8986/9014] Built OAI.Analysis.Crouzeix.ExteriorKernel (5.1s)
✔ [8987/9014] Built OAI.Analysis.Crouzeix.BoundaryKernel (7.0s)
✔ [8988/9014] Built OAI.Analysis.Crouzeix.CauchyProjection (23s)
✔ [8989/9014] Built OAI.Analysis.Crouzeix.CircleAnalytic (9.9s)
✔ [8990/9014] Built OAI.Analysis.Crouzeix.AngularRadius (9.9s)
✔ [8991/9014] Built OAI.Analysis.Crouzeix.ExteriorContour (10s)
✔ [8992/9014] Built OAI.Analysis.Crouzeix.SimilarityRepresentation (21s)
✔ [8993/9014] Built OAI.Analysis.Crouzeix.DiskHolomorphic (30s)
✔ [8994/9014] Built OAI.Analysis.Crouzeix.Faber (11s)
✔ [8995/9014] Built OAI.Analysis.Crouzeix.PhysicalComparison (11s)
✔ [8996/9014] Built OAI.Analysis.Crouzeix.LaurentSplit (5.3s)
✔ [8997/9014] Built OAI.Analysis.Crouzeix.HolomorphicAlgebra (7.9s)
✔ [8998/9014] Built OAI.Analysis.Crouzeix.PhysicalFourier (10s)
✔ [8999/9014] Built OAI.Analysis.Crouzeix.HolomorphicSpectrum (5.7s)
✔ [9000/9014] Built OAI.Analysis.Crouzeix.PhysicalProjection (7.3s)
✔ [9001/9014] Built OAI.Analysis.Crouzeix.FunctionalComposition (6.6s)
✔ [9002/9014] Built OAI.Analysis.Crouzeix.PhysicalModule (8.0s)
✔ [9003/9014] Built OAI.Analysis.Crouzeix.AngularTransport (5.5s)
✔ [9004/9014] Built OAI.Analysis.Crouzeix.AngularMoments (5.0s)
✔ [9005/9014] Built OAI.Analysis.Crouzeix.AngularMeasure (5.1s)
✔ [9006/9014] Built OAI.Analysis.Crouzeix.PhysicalDensity (16s)
✔ [9007/9014] Built OAI.Analysis.Crouzeix.PhysicalCalculus (5.1s)
✔ [9008/9014] Built OAI.Analysis.Crouzeix.ResolventMoments (5.6s)
✔ [9009/9014] Built OAI.Analysis.Crouzeix.BoundaryMoments (16s)
✔ [9010/9014] Built OAI.Analysis.Crouzeix.MetricBoundary (10s)
✔ [9011/9014] Built OAI.Analysis.Crouzeix.CompleteFinite (9.1s)
✔ [9012/9014] Built OAI.Analysis.Crouzeix.HilbertInequality (3.9s)
✔ [9013/9014] Built OAI.Analysis.Crouzeix.Main (3.9s)
Build completed successfully (9014 jobs).
BUILD_EXIT=0
ELAPSED_SECONDS=430
