START Wed Oct  7 11:52:57 EDT 2026
✔ [8924/8966] Built OAI.Analysis.DirectCrouzeix.Model (67s)
✔ [8925/8966] Built OAI.Analysis.DirectCrouzeix.NumericalRange (53s)
✔ [8926/8966] Built OAI.Analysis.DirectCrouzeix.PositiveBlocks (57s)
✔ [8927/8966] Built OAI.Analysis.DirectCrouzeix.Resolvent (57s)
✔ [8928/8966] Built OAI.Analysis.DirectCrouzeix.PolynomialCalculus (53s)
✔ [8929/8966] Built OAI.Analysis.DirectCrouzeix.HilbertSchmidt (51s)
✔ [8930/8966] Built OAI.Analysis.DirectCrouzeix.SingularPairs (63s)
✔ [8931/8966] Built OAI.Analysis.DirectCrouzeix.Duality (61s)
✔ [8932/8966] Built OAI.Analysis.DirectCrouzeix.Sharpness (59s)
✔ [8933/8966] Built OAI.Analysis.DirectCrouzeix.CircleFourier (54s)
✔ [8934/8966] Built OAI.Analysis.DirectCrouzeix.BoundaryEnergy (51s)
✔ [8935/8966] Built OAI.Analysis.DirectCrouzeix.PolynomialEnergy (50s)
✔ [8936/8966] Built OAI.Analysis.DirectCrouzeix.DomainCore (51s)
✔ [8937/8966] Built OAI.Analysis.DirectCrouzeix.CompactIntegrals (50s)
✔ [8938/8966] Built OAI.Analysis.DirectCrouzeix.DividedDifferences (51s)
✔ [8939/8966] Built OAI.Analysis.DirectCrouzeix.TaylorFourier (49s)
✔ [8940/8966] Built OAI.Analysis.DirectCrouzeix.FaberPolynomials (50s)
✔ [8941/8966] Built OAI.Analysis.DirectCrouzeix.BoundaryKernel (49s)
✔ [8942/8966] Built OAI.Analysis.DirectCrouzeix.KernelContraction (49s)
✔ [8943/8966] Built OAI.Analysis.DirectCrouzeix.FaberEnergy (48s)
✔ [8944/8966] Built OAI.Analysis.DirectCrouzeix.FaberCalculus (47s)
✔ [8945/8966] Built OAI.Analysis.DirectCrouzeix.ExteriorCollar (50s)
✔ [8946/8966] Built OAI.Analysis.DirectCrouzeix.NormalFamilies (48s)
✔ [8947/8966] Built OAI.Analysis.DirectCrouzeix.ExtremalEmbedding (49s)
✔ [8948/8966] Built OAI.Analysis.DirectCrouzeix.DiskMapping (50s)
✔ [8949/8966] Built OAI.Analysis.DirectCrouzeix.PoissonBoundary (50s)
✔ [8950/8966] Built OAI.Analysis.DirectCrouzeix.HarmonicReflection (49s)
✔ [8951/8966] Built OAI.Analysis.DirectCrouzeix.HolomorphicReflection (50s)
✔ [8952/8966] Built OAI.Analysis.DirectCrouzeix.Continuation (49s)
✔ [8953/8966] Built OAI.Analysis.DirectCrouzeix.ConformalCollar (49s)
✔ [8954/8966] Built OAI.Analysis.DirectCrouzeix.AnalyticCharts (50s)
✔ [8955/8966] Built OAI.Analysis.DirectCrouzeix.ExponentialLevels (50s)
✔ [8956/8966] Built OAI.Analysis.DirectCrouzeix.BoundaryParametrization (51s)
✔ [8957/8966] Built OAI.Analysis.DirectCrouzeix.InverseExterior (53s)
✔ [8958/8966] Built OAI.Analysis.DirectCrouzeix.ExteriorMapping (57s)
✔ [8959/8966] Built OAI.Analysis.DirectCrouzeix.SupportNets (50s)
✔ [8960/8966] Built OAI.Analysis.DirectCrouzeix.Convexity (58s)
✔ [8961/8966] Built OAI.Analysis.DirectCrouzeix.ExponentialSupport (47s)
✔ [8962/8966] Built OAI.Analysis.DirectCrouzeix.OuterApproximation (52s)
✔ [8963/8966] Built OAI.Analysis.DirectCrouzeix.DomainBound (48s)
✔ [8964/8966] Built OAI.Analysis.DirectCrouzeix.CompleteBound (51s)
✔ [8965/8966] Built OAI.Analysis.DirectCrouzeix.Main (53s)
Build completed successfully (8966 jobs).

real	36m48.120s
user	2m10.860s
sys	3m47.744s
BUILD_EXIT=0
DONE Wed Oct  7 12:29:45 EDT 2026
