✔ [8924/8972] Built OAI.Analysis.NumericalRange.Model (4.7s)
✔ [8925/8972] Built OAI.Analysis.NumericalRange.PoissonBoundary (6.6s)
✔ [8926/8972] Built OAI.Analysis.NumericalRange.HerglotzReflection (4.6s)
✔ [8927/8972] Built OAI.Analysis.NumericalRange.ConformalGluing (5.2s)
✔ [8928/8972] Built OAI.Analysis.NumericalRange.DiskMapping (5.7s)
✔ [8929/8972] Built OAI.Analysis.NumericalRange.ConvexBarrier (5.9s)
✔ [8930/8972] Built OAI.Analysis.NumericalRange.AnalyticCharts (6.4s)
✔ [8931/8972] Built OAI.Analysis.NumericalRange.ConvexExterior (5.3s)
✔ [8932/8972] Built OAI.Analysis.NumericalRange.BoundaryNormals (6.2s)
✔ [8933/8972] Built OAI.Analysis.NumericalRange.OuterNeighborhood (3.9s)
✔ [8934/8972] Built OAI.Analysis.NumericalRange.ExteriorKernel (5.3s)
✔ [8935/8972] Built OAI.Analysis.NumericalRange.CircleIntegrals (5.3s)
✔ [8936/8972] Built OAI.Analysis.NumericalRange.MarkovOperator (6.5s)
✔ [8937/8972] Built OAI.Analysis.NumericalRange.FourierResolution (7.0s)
✔ [8938/8972] Built OAI.Analysis.NumericalRange.CauchyProjection (9.1s)
✔ [8939/8972] Built OAI.Analysis.NumericalRange.ExteriorProjection (5.6s)
✔ [8940/8972] Built OAI.Analysis.NumericalRange.FourierExtension (8.9s)
✔ [8941/8972] Built OAI.Analysis.NumericalRange.HilbertSchmidt (12s)
✔ [8942/8972] Built OAI.Analysis.NumericalRange.OrderedMultiplication (14s)
✔ [8943/8972] Built OAI.Analysis.NumericalRange.HolomorphicEvaluation (6.2s)
✔ [8944/8972] Built OAI.Analysis.NumericalRange.DiskCalculus (7.9s)
✔ [8945/8972] Built OAI.Analysis.NumericalRange.CompleteResolvent (5.3s)
✔ [8946/8972] Built OAI.Analysis.NumericalRange.PolynomialCalculus (6.0s)
✔ [8947/8972] Built OAI.Analysis.NumericalRange.CauchyEvaluation (5.3s)
✔ [8948/8972] Built OAI.Analysis.NumericalRange.BoundaryRepresentation (5.6s)
✔ [8949/8972] Built OAI.Analysis.NumericalRange.PulledDensity (4.3s)
✔ [8950/8972] Built OAI.Analysis.NumericalRange.UnitaryRealization (7.7s)
✔ [8951/8972] Built OAI.Analysis.NumericalRange.MetricFeasibility (5.0s)
✔ [8952/8972] Built OAI.Analysis.NumericalRange.DualSeparation (11s)
✔ [8953/8972] Built OAI.Analysis.NumericalRange.OptimalExtremal (10s)
✔ [8954/8972] Built OAI.Analysis.NumericalRange.DilationDensity (25s)
✔ [8955/8972] Built OAI.Analysis.NumericalRange.DensityTransport (11s)
✔ [8956/8972] Built OAI.Analysis.NumericalRange.ConformalJacobian (4.6s)
✔ [8957/8972] Built OAI.Analysis.NumericalRange.ConformalWinding (4.4s)
✔ [8958/8972] Built OAI.Analysis.NumericalRange.ResolventPositivity (7.1s)
✔ [8959/8972] Built OAI.Analysis.NumericalRange.Convexity (6.2s)
✔ [8960/8972] Built OAI.Analysis.NumericalRange.Sharpness (4.5s)
✔ [8961/8972] Built OAI.Analysis.NumericalRange.DomainCalculus (4.0s)
✔ [8962/8972] Built OAI.Analysis.NumericalRange.BoundaryCalculus (4.9s)
✔ [8963/8972] Built OAI.Analysis.NumericalRange.DensityAdjoints (5.9s)
✔ [8964/8972] Built OAI.Analysis.NumericalRange.TestingAlgebra (8.0s)
✔ [8965/8972] Built OAI.Analysis.NumericalRange.DensityIdentification (5.3s)
✔ [8966/8972] Built OAI.Analysis.NumericalRange.PositiveDensity (7.7s)
✔ [8967/8972] Built OAI.Analysis.NumericalRange.OrderedDensities (4.9s)
✔ [8968/8972] Built OAI.Analysis.NumericalRange.DensityComparison (7.7s)
✔ [8969/8972] Built OAI.Analysis.NumericalRange.MetricNorm (4.3s)
✔ [8970/8972] Built OAI.Analysis.NumericalRange.DomainBound (4.3s)
✔ [8971/8972] Built OAI.Analysis.NumericalRange.Main (4.0s)
Build completed successfully (8972 jobs).
BUILD_EXIT=0
ELAPSED_SECONDS=336
